Using /mnt/slurmfs-4090node1/homes/czheng739/.cache/torch_extensions/py38_cu121 as PyTorch extensions root...
Emitting ninja build file /mnt/slurmfs-4090node1/homes/czheng739/.cache/torch_extensions/py38_cu121/gymtorch/build.ninja...
Building extension module gymtorch...
Allowing ninja to set a default number of workers... (overridable by setting the environment variable MAX_JOBS=N)
Loading extension module gymtorch...
2025-03-10 17:11:31,958 - INFO - logger - logger initialized
/mnt/slurmfs-4090node1/homes/czheng739/miniforge3/envs/BC/lib/python3.8/site-packages/torch/functional.py:513: UserWarning: torch.meshgrid: in an upcoming release, it will be required to pass the indexing argument. (Triggered internally at ../aten/src/ATen/native/TensorShape.cpp:3609.)
  return _VF.meshgrid(tensors, **kwargs)  # type: ignore[attr-defined]
0it [00:00, ?it/s]0it [00:00, ?it/s]
  0%|          | 0/2048 [00:00<?, ?it/s]100%|██████████| 2048/2048 [00:00<00:00, 27239.37it/s]
wandb: Currently logged in as: anjizcx (songzhicheng66-hkust). Use `wandb login --relogin` to force relogin
wandb: wandb version 0.19.8 is available!  To upgrade, please run:
wandb:  $ pip install wandb --upgrade
wandb: Tracking run with wandb version 0.12.21
wandb: Run data is saved locally in /mnt/slurmfs-4090node1/homes/czheng739/chunxin/human2humanoid/legged_gym/logs/h1:teleop/25_03_10_17-12-20_OmniH2O_TEACHER/wandb/run-20250310_171222-xweqi63a
wandb: Run `wandb offline` to turn off syncing.
wandb: Syncing run h1_2:teleop
wandb: ⭐️ View project at https://wandb.ai/songzhicheng66-hkust/human2humanoid-legged_gym_legged_gym_scripts
wandb: 🚀 View run at https://wandb.ai/songzhicheng66-hkust/human2humanoid-legged_gym_legged_gym_scripts/runs/xweqi63a
wandb: ERROR Dropped streaming file chunk (see wandb/debug-internal.log)
ERROR:root:dropped chunk 404 Client Error: Not Found for url: https://api.wandb.ai/files/songzhicheng66-hkust/human2humanoid-legged_gym_legged_gym_scripts/xweqi63a/file_stream
NoneType: None
wandb: ERROR Dropped streaming file chunk (see wandb/debug-internal.log)
ERROR:root:dropped chunk 404 Client Error: Not Found for url: https://api.wandb.ai/files/songzhicheng66-hkust/human2humanoid-legged_gym_legged_gym_scripts/xweqi63a/file_stream
NoneType: None
wandb: ERROR Dropped streaming file chunk (see wandb/debug-internal.log)
ERROR:root:dropped chunk 404 Client Error: Not Found for url: https://api.wandb.ai/files/songzhicheng66-hkust/human2humanoid-legged_gym_legged_gym_scripts/xweqi63a/file_stream
NoneType: None
wandb: ERROR Dropped streaming file chunk (see wandb/debug-internal.log)
ERROR:root:dropped chunk 404 Client Error: Not Found for url: https://api.wandb.ai/files/songzhicheng66-hkust/human2humanoid-legged_gym_legged_gym_scripts/xweqi63a/file_stream
NoneType: None
wandb: ERROR Dropped streaming file chunk (see wandb/debug-internal.log)
ERROR:root:dropped chunk 404 Client Error: Not Found for url: https://api.wandb.ai/files/songzhicheng66-hkust/human2humanoid-legged_gym_legged_gym_scripts/xweqi63a/file_stream
NoneType: None
Exception in thread Thread-26:
Traceback (most recent call last):
  File "/mnt/slurmfs-4090node1/homes/czheng739/miniforge3/envs/BC/lib/python3.8/site-packages/wandb/apis/normalize.py", line 25, in wrapper
    return func(*args, **kwargs)
  File "/mnt/slurmfs-4090node1/homes/czheng739/miniforge3/envs/BC/lib/python3.8/site-packages/wandb/sdk/internal/internal_api.py", line 1482, in upload_urls
    raise CommError(f"Run does not exist {entity}/{project}/{run_id}.")
wandb.errors.CommError: Run does not exist songzhicheng66-hkust/human2humanoid-legged_gym_legged_gym_scripts/xweqi63a.

During handling of the above exception, another exception occurred:

Traceback (most recent call last):
  File "/mnt/slurmfs-4090node1/homes/czheng739/miniforge3/envs/BC/lib/python3.8/threading.py", line 932, in _bootstrap_inner
    self.run()
  File "/mnt/slurmfs-4090node1/homes/czheng739/miniforge3/envs/BC/lib/python3.8/site-packages/wandb/filesync/upload_job.py", line 62, in run
    success = self.push()
  File "/mnt/slurmfs-4090node1/homes/czheng739/miniforge3/envs/BC/lib/python3.8/site-packages/wandb/filesync/upload_job.py", line 113, in push
    _, upload_headers, result = self._api.upload_urls(project, [self.save_name])
  File "/mnt/slurmfs-4090node1/homes/czheng739/miniforge3/envs/BC/lib/python3.8/site-packages/wandb/apis/normalize.py", line 61, in wrapper
    raise CommError(message, err).with_traceback(sys.exc_info()[2])
  File "/mnt/slurmfs-4090node1/homes/czheng739/miniforge3/envs/BC/lib/python3.8/site-packages/wandb/apis/normalize.py", line 25, in wrapper
    return func(*args, **kwargs)
  File "/mnt/slurmfs-4090node1/homes/czheng739/miniforge3/envs/BC/lib/python3.8/site-packages/wandb/sdk/internal/internal_api.py", line 1482, in upload_urls
    raise CommError(f"Run does not exist {entity}/{project}/{run_id}.")
wandb.errors.CommError: Run does not exist songzhicheng66-hkust/human2humanoid-legged_gym_legged_gym_scripts/xweqi63a.
wandb: ERROR Dropped streaming file chunk (see wandb/debug-internal.log)
ERROR:root:dropped chunk 404 Client Error: Not Found for url: https://api.wandb.ai/files/songzhicheng66-hkust/human2humanoid-legged_gym_legged_gym_scripts/xweqi63a/file_stream
NoneType: None
wandb: ERROR Dropped streaming file chunk (see wandb/debug-internal.log)
ERROR:root:dropped chunk 404 Client Error: Not Found for url: https://api.wandb.ai/files/songzhicheng66-hkust/human2humanoid-legged_gym_legged_gym_scripts/xweqi63a/file_stream
NoneType: None
wandb: ERROR Dropped streaming file chunk (see wandb/debug-internal.log)
ERROR:root:dropped chunk 404 Client Error: Not Found for url: https://api.wandb.ai/files/songzhicheng66-hkust/human2humanoid-legged_gym_legged_gym_scripts/xweqi63a/file_stream
NoneType: None
wandb: ERROR Dropped streaming file chunk (see wandb/debug-internal.log)
ERROR:root:dropped chunk 404 Client Error: Not Found for url: https://api.wandb.ai/files/songzhicheng66-hkust/human2humanoid-legged_gym_legged_gym_scripts/xweqi63a/file_stream
NoneType: None
wandb: ERROR Dropped streaming file chunk (see wandb/debug-internal.log)
ERROR:root:dropped chunk 404 Client Error: Not Found for url: https://api.wandb.ai/files/songzhicheng66-hkust/human2humanoid-legged_gym_legged_gym_scripts/xweqi63a/file_stream
NoneType: None
wandb: ERROR Dropped streaming file chunk (see wandb/debug-internal.log)
ERROR:root:dropped chunk 404 Client Error: Not Found for url: https://api.wandb.ai/files/songzhicheng66-hkust/human2humanoid-legged_gym_legged_gym_scripts/xweqi63a/file_stream
NoneType: None
wandb: ERROR Dropped streaming file chunk (see wandb/debug-internal.log)
ERROR:root:dropped chunk 404 Client Error: Not Found for url: https://api.wandb.ai/files/songzhicheng66-hkust/human2humanoid-legged_gym_legged_gym_scripts/xweqi63a/file_stream
NoneType: None
Exception in thread Thread-27:
Traceback (most recent call last):
  File "/mnt/slurmfs-4090node1/homes/czheng739/miniforge3/envs/BC/lib/python3.8/site-packages/wandb/apis/normalize.py", line 25, in wrapper
    return func(*args, **kwargs)
  File "/mnt/slurmfs-4090node1/homes/czheng739/miniforge3/envs/BC/lib/python3.8/site-packages/wandb/sdk/internal/internal_api.py", line 1482, in upload_urls
    raise CommError(f"Run does not exist {entity}/{project}/{run_id}.")
wandb.errors.CommError: Run does not exist songzhicheng66-hkust/human2humanoid-legged_gym_legged_gym_scripts/xweqi63a.

During handling of the above exception, another exception occurred:

Traceback (most recent call last):
  File "/mnt/slurmfs-4090node1/homes/czheng739/miniforge3/envs/BC/lib/python3.8/threading.py", line 932, in _bootstrap_inner
    self.run()
  File "/mnt/slurmfs-4090node1/homes/czheng739/miniforge3/envs/BC/lib/python3.8/site-packages/wandb/filesync/upload_job.py", line 62, in run
    success = self.push()
  File "/mnt/slurmfs-4090node1/homes/czheng739/miniforge3/envs/BC/lib/python3.8/site-packages/wandb/filesync/upload_job.py", line 113, in push
    _, upload_headers, result = self._api.upload_urls(project, [self.save_name])
  File "/mnt/slurmfs-4090node1/homes/czheng739/miniforge3/envs/BC/lib/python3.8/site-packages/wandb/apis/normalize.py", line 61, in wrapper
    raise CommError(message, err).with_traceback(sys.exc_info()[2])
  File "/mnt/slurmfs-4090node1/homes/czheng739/miniforge3/envs/BC/lib/python3.8/site-packages/wandb/apis/normalize.py", line 25, in wrapper
    return func(*args, **kwargs)
  File "/mnt/slurmfs-4090node1/homes/czheng739/miniforge3/envs/BC/lib/python3.8/site-packages/wandb/sdk/internal/internal_api.py", line 1482, in upload_urls
    raise CommError(f"Run does not exist {entity}/{project}/{run_id}.")
wandb.errors.CommError: Run does not exist songzhicheng66-hkust/human2humanoid-legged_gym_legged_gym_scripts/xweqi63a.
wandb: ERROR Dropped streaming file chunk (see wandb/debug-internal.log)
ERROR:root:dropped chunk 404 Client Error: Not Found for url: https://api.wandb.ai/files/songzhicheng66-hkust/human2humanoid-legged_gym_legged_gym_scripts/xweqi63a/file_stream
NoneType: None
wandb: ERROR Dropped streaming file chunk (see wandb/debug-internal.log)
ERROR:root:dropped chunk 404 Client Error: Not Found for url: https://api.wandb.ai/files/songzhicheng66-hkust/human2humanoid-legged_gym_legged_gym_scripts/xweqi63a/file_stream
NoneType: None
wandb: ERROR Dropped streaming file chunk (see wandb/debug-internal.log)
ERROR:root:dropped chunk 404 Client Error: Not Found for url: https://api.wandb.ai/files/songzhicheng66-hkust/human2humanoid-legged_gym_legged_gym_scripts/xweqi63a/file_stream
NoneType: None
wandb: ERROR Dropped streaming file chunk (see wandb/debug-internal.log)
ERROR:root:dropped chunk 404 Client Error: Not Found for url: https://api.wandb.ai/files/songzhicheng66-hkust/human2humanoid-legged_gym_legged_gym_scripts/xweqi63a/file_stream
NoneType: None
wandb: ERROR Dropped streaming file chunk (see wandb/debug-internal.log)
ERROR:root:dropped chunk 404 Client Error: Not Found for url: https://api.wandb.ai/files/songzhicheng66-hkust/human2humanoid-legged_gym_legged_gym_scripts/xweqi63a/file_stream
NoneType: None
wandb: ERROR Dropped streaming file chunk (see wandb/debug-internal.log)
ERROR:root:dropped chunk 404 Client Error: Not Found for url: https://api.wandb.ai/files/songzhicheng66-hkust/human2humanoid-legged_gym_legged_gym_scripts/xweqi63a/file_stream
NoneType: None
wandb: ERROR Dropped streaming file chunk (see wandb/debug-internal.log)
ERROR:root:dropped chunk 404 Client Error: Not Found for url: https://api.wandb.ai/files/songzhicheng66-hkust/human2humanoid-legged_gym_legged_gym_scripts/xweqi63a/file_stream
NoneType: None
wandb: ERROR Dropped streaming file chunk (see wandb/debug-internal.log)
ERROR:root:dropped chunk 404 Client Error: Not Found for url: https://api.wandb.ai/files/songzhicheng66-hkust/human2humanoid-legged_gym_legged_gym_scripts/xweqi63a/file_stream
NoneType: None
Exception in thread Thread-28:
Traceback (most recent call last):
  File "/mnt/slurmfs-4090node1/homes/czheng739/miniforge3/envs/BC/lib/python3.8/site-packages/wandb/apis/normalize.py", line 25, in wrapper
    return func(*args, **kwargs)
  File "/mnt/slurmfs-4090node1/homes/czheng739/miniforge3/envs/BC/lib/python3.8/site-packages/wandb/sdk/internal/internal_api.py", line 1482, in upload_urls
    raise CommError(f"Run does not exist {entity}/{project}/{run_id}.")
wandb.errors.CommError: Run does not exist songzhicheng66-hkust/human2humanoid-legged_gym_legged_gym_scripts/xweqi63a.

During handling of the above exception, another exception occurred:

Traceback (most recent call last):
  File "/mnt/slurmfs-4090node1/homes/czheng739/miniforge3/envs/BC/lib/python3.8/threading.py", line 932, in _bootstrap_inner
    self.run()
  File "/mnt/slurmfs-4090node1/homes/czheng739/miniforge3/envs/BC/lib/python3.8/site-packages/wandb/filesync/upload_job.py", line 62, in run
    success = self.push()
  File "/mnt/slurmfs-4090node1/homes/czheng739/miniforge3/envs/BC/lib/python3.8/site-packages/wandb/filesync/upload_job.py", line 113, in push
    _, upload_headers, result = self._api.upload_urls(project, [self.save_name])
  File "/mnt/slurmfs-4090node1/homes/czheng739/miniforge3/envs/BC/lib/python3.8/site-packages/wandb/apis/normalize.py", line 61, in wrapper
    raise CommError(message, err).with_traceback(sys.exc_info()[2])
  File "/mnt/slurmfs-4090node1/homes/czheng739/miniforge3/envs/BC/lib/python3.8/site-packages/wandb/apis/normalize.py", line 25, in wrapper
    return func(*args, **kwargs)
  File "/mnt/slurmfs-4090node1/homes/czheng739/miniforge3/envs/BC/lib/python3.8/site-packages/wandb/sdk/internal/internal_api.py", line 1482, in upload_urls
    raise CommError(f"Run does not exist {entity}/{project}/{run_id}.")
wandb.errors.CommError: Run does not exist songzhicheng66-hkust/human2humanoid-legged_gym_legged_gym_scripts/xweqi63a.
wandb: ERROR Dropped streaming file chunk (see wandb/debug-internal.log)
ERROR:root:dropped chunk 404 Client Error: Not Found for url: https://api.wandb.ai/files/songzhicheng66-hkust/human2humanoid-legged_gym_legged_gym_scripts/xweqi63a/file_stream
NoneType: None
wandb: ERROR Dropped streaming file chunk (see wandb/debug-internal.log)
ERROR:root:dropped chunk 404 Client Error: Not Found for url: https://api.wandb.ai/files/songzhicheng66-hkust/human2humanoid-legged_gym_legged_gym_scripts/xweqi63a/file_stream
NoneType: None
wandb: ERROR Dropped streaming file chunk (see wandb/debug-internal.log)
ERROR:root:dropped chunk 404 Client Error: Not Found for url: https://api.wandb.ai/files/songzhicheng66-hkust/human2humanoid-legged_gym_legged_gym_scripts/xweqi63a/file_stream
NoneType: None
wandb: ERROR Dropped streaming file chunk (see wandb/debug-internal.log)
ERROR:root:dropped chunk 404 Client Error: Not Found for url: https://api.wandb.ai/files/songzhicheng66-hkust/human2humanoid-legged_gym_legged_gym_scripts/xweqi63a/file_stream
NoneType: None
wandb: ERROR Dropped streaming file chunk (see wandb/debug-internal.log)
ERROR:root:dropped chunk 404 Client Error: Not Found for url: https://api.wandb.ai/files/songzhicheng66-hkust/human2humanoid-legged_gym_legged_gym_scripts/xweqi63a/file_stream
NoneType: None
wandb: ERROR Dropped streaming file chunk (see wandb/debug-internal.log)
ERROR:root:dropped chunk 404 Client Error: Not Found for url: https://api.wandb.ai/files/songzhicheng66-hkust/human2humanoid-legged_gym_legged_gym_scripts/xweqi63a/file_stream
NoneType: None
wandb: ERROR Dropped streaming file chunk (see wandb/debug-internal.log)
ERROR:root:dropped chunk 404 Client Error: Not Found for url: https://api.wandb.ai/files/songzhicheng66-hkust/human2humanoid-legged_gym_legged_gym_scripts/xweqi63a/file_stream
NoneType: None
wandb: ERROR Dropped streaming file chunk (see wandb/debug-internal.log)
ERROR:root:dropped chunk 404 Client Error: Not Found for url: https://api.wandb.ai/files/songzhicheng66-hkust/human2humanoid-legged_gym_legged_gym_scripts/xweqi63a/file_stream
NoneType: None
wandb: ERROR Dropped streaming file chunk (see wandb/debug-internal.log)
ERROR:root:dropped chunk 404 Client Error: Not Found for url: https://api.wandb.ai/files/songzhicheng66-hkust/human2humanoid-legged_gym_legged_gym_scripts/xweqi63a/file_stream
NoneType: None
wandb: ERROR Dropped streaming file chunk (see wandb/debug-internal.log)
ERROR:root:dropped chunk 404 Client Error: Not Found for url: https://api.wandb.ai/files/songzhicheng66-hkust/human2humanoid-legged_gym_legged_gym_scripts/xweqi63a/file_stream
NoneType: None
Exception in thread Thread-29:
Traceback (most recent call last):
  File "/mnt/slurmfs-4090node1/homes/czheng739/miniforge3/envs/BC/lib/python3.8/site-packages/wandb/apis/normalize.py", line 25, in wrapper
    return func(*args, **kwargs)
  File "/mnt/slurmfs-4090node1/homes/czheng739/miniforge3/envs/BC/lib/python3.8/site-packages/wandb/sdk/internal/internal_api.py", line 1482, in upload_urls
    raise CommError(f"Run does not exist {entity}/{project}/{run_id}.")
wandb.errors.CommError: Run does not exist songzhicheng66-hkust/human2humanoid-legged_gym_legged_gym_scripts/xweqi63a.

During handling of the above exception, another exception occurred:

Traceback (most recent call last):
  File "/mnt/slurmfs-4090node1/homes/czheng739/miniforge3/envs/BC/lib/python3.8/threading.py", line 932, in _bootstrap_inner
    self.run()
  File "/mnt/slurmfs-4090node1/homes/czheng739/miniforge3/envs/BC/lib/python3.8/site-packages/wandb/filesync/upload_job.py", line 62, in run
    success = self.push()
  File "/mnt/slurmfs-4090node1/homes/czheng739/miniforge3/envs/BC/lib/python3.8/site-packages/wandb/filesync/upload_job.py", line 113, in push
    _, upload_headers, result = self._api.upload_urls(project, [self.save_name])
  File "/mnt/slurmfs-4090node1/homes/czheng739/miniforge3/envs/BC/lib/python3.8/site-packages/wandb/apis/normalize.py", line 61, in wrapper
    raise CommError(message, err).with_traceback(sys.exc_info()[2])
  File "/mnt/slurmfs-4090node1/homes/czheng739/miniforge3/envs/BC/lib/python3.8/site-packages/wandb/apis/normalize.py", line 25, in wrapper
    return func(*args, **kwargs)
  File "/mnt/slurmfs-4090node1/homes/czheng739/miniforge3/envs/BC/lib/python3.8/site-packages/wandb/sdk/internal/internal_api.py", line 1482, in upload_urls
    raise CommError(f"Run does not exist {entity}/{project}/{run_id}.")
wandb.errors.CommError: Run does not exist songzhicheng66-hkust/human2humanoid-legged_gym_legged_gym_scripts/xweqi63a.
wandb: ERROR Dropped streaming file chunk (see wandb/debug-internal.log)
ERROR:root:dropped chunk 404 Client Error: Not Found for url: https://api.wandb.ai/files/songzhicheng66-hkust/human2humanoid-legged_gym_legged_gym_scripts/xweqi63a/file_stream
NoneType: None
srun: got SIGCONT
srun: Job step aborted: Waiting up to 32 seconds for job step to finish.
slurmstepd: error: *** JOB 2604 ON 3090node2 CANCELLED AT 2025-03-10T17:45:09 ***
srun: forcing job termination
slurmstepd: error: *** STEP 2604.0 ON 3090node2 CANCELLED AT 2025-03-10T17:45:09 ***
